載入與編碼：16 個區塊（6s）
平行行程：80
  §8.1 K = 3：1/16（9s）
  §8.1 K = 3：2/16（9s）
  §8.1 K = 3：3/16（9s）
  §8.1 K = 3：4/16（9s）
  §8.1 K = 3：5/16（9s）
  §8.1 K = 3：6/16（9s）
  §8.1 K = 3：7/16（9s）
  §8.1 K = 3：8/16（9s）
  §8.1 K = 3：9/16（9s）
  §8.1 K = 3：10/16（9s）
  §8.1 K = 3：11/16（9s）
  §8.1 K = 3：12/16（9s）
  §8.1 K = 3：13/16（9s）
  §8.1 K = 3：14/16（9s）
  §8.1 K = 3：15/16（9s）
  §8.1 K = 3：16/16（9s）
§8.1 K = 3：('+1.75', '+1.03', '+2.46', 8)，逐區塊最大差 4.0e-15
  §8.1 K = 5：4/48（12s）
  §8.1 K = 5：8/48（13s）
  §8.1 K = 5：12/48（13s）
  §8.1 K = 5：16/48（13s）
  §8.1 K = 5：20/48（13s）
  §8.1 K = 5：24/48（13s）
  §8.1 K = 5：28/48（13s）
  §8.1 K = 5：32/48（13s）
  §8.1 K = 5：36/48（13s）
  §8.1 K = 5：40/48（13s）
  §8.1 K = 5：44/48（13s）
  §8.1 K = 5：48/48（13s）
§8.1 K = 5：('+0.98', '+0.48', '+1.47', 8)，逐區塊最大差 6.4e-15
  §8.1 K = 7：4/48（19s）
  §8.1 K = 7：8/48（19s）
  §8.1 K = 7：12/48（19s）
  §8.1 K = 7：16/48（19s）
  §8.1 K = 7：20/48（19s）
  §8.1 K = 7：24/48（19s）
  §8.1 K = 7：28/48（19s）
  §8.1 K = 7：32/48（19s）
  §8.1 K = 7：36/48（19s）
  §8.1 K = 7：40/48（19s）
  §8.1 K = 7：44/48（19s）
  §8.1 K = 7：48/48（19s）
§8.1 K = 7：('+0.63', '+0.33', '+0.94', 8)，逐區塊最大差 3.7e-15
§8.2 RQ3-G：192 個替換，最大差 4.4e-16；RQ3-GK K = 3 的 WV − SB ('-2.42', '-3.95', '-0.88')，逐區塊最大差 5.6e-17（103s）
§8.3 菜單：通過
  §8.4：28/288（106s）
  §8.4：56/288（111s）
  §8.4：84/288（111s）
  §8.4：112/288（111s）
  §8.4：140/288（111s）
  §8.4：168/288（113s）
  §8.4：196/288（114s）
  §8.4：224/288（114s）
  §8.4：252/288（115s）
  §8.4：280/288（115s）
  §8.4：288/288（115s）
§8.4 權重相同：比較 1219320128 題次，不相等 0
  §8.5：28/288（223s）
  §8.5：56/288（329s）
  §8.5：84/288（344s）
  §8.5：112/288（386s）
  §8.5：140/288（399s）
  §8.5：168/288（618s）
  §8.5：196/288（633s）
  §8.5：224/288（687s）
  §8.5：252/288（707s）
  §8.5：280/288（734s）
  §8.5：288/288（734s）
§8.5 換成自己：77640 個替換，不符的（菜單）0
§8.6 手算：最大差 1.8e-14（763s）
  正式計算：28/288（967s）
  正式計算：56/288（1148s）
  正式計算：84/288（1212s）
  正式計算：112/288（1260s）
  正式計算：140/288（1360s）
  正式計算：168/288（1811s）
  正式計算：196/288（1852s）
  正式計算：224/288（1884s）
  正式計算：252/288（1960s）
  正式計算：280/288（2013s）
  正式計算：288/288（2015s）
正式計算完成（2015s）
完成（2024s）
